// Jest Snapshot v1, https://goo.gl/fbAQLP

exports[`examples of some test things (subtest) 1`] = `
<div>
  
        
  <label
    for="username"
  >
    Username
  </label>
  
        
  <input
    id="username"
  />
  
        
  <button>
    Print Username
  </button>
  
      
  <div>
    
            
    <div
      data-testid="printed-username"
    >
      Ada Lovelace
    </div>
    
          
  </div>
</div>
`;
